schema_version 1
AbyssTierPrefix=t
DefaultCollection=eve_knowledge
DocKindFit=fit
DocKindSingleFit=single_fit
FilamentDark=dark
FilamentElectrical=electrical
FilamentExotic=exotic
FilamentFirestorm=firestorm
FilamentGamma=gamma
IndexInteger=integer
IndexKeyword=keyword
KeyAbyssTier=abyss_tier
KeyCategories=categories
KeyCharacter=character
KeyContentHash=content_hash
KeyContributors=contributors
KeyDoc=doc
KeyDocKind=doc_kind
KeyFilamentType=filament_type
KeyFitID=fit_id
KeyFitName=fit_name
KeyFitTags=fit_tags
KeyHasVideo=has_video
KeyIndexedAt=indexed_at
KeyIsAlpha=is_alpha
KeyIsTested=is_tested
KeyKillmailID=killmail_id
KeyKillmailTime=killmail_time
KeyLastRevID=lastrevid
KeyLeadImage=lead_image
KeyMaxViewsInBatch=max_views_in_batch
KeyPageID=pageid
KeyQuarantined=quarantined
KeyRuns=runs
KeySampleKillmailIDs=sample_killmail_ids
KeyScore=score
KeyShipName=ship_name
KeyShipTypeID=ship_type_id
KeySource=source
KeySourceType=source_type
KeySourceURL=source_url
KeyTag=tag
KeyTags=tags
KeyTemplates=templates
KeyText=text
KeyTitle=title
KeyURL=url
KeyViews=views
SourceAbyssTracker=abysstracker
SourceCaldarijoans=caldarijoans
SourceGustavmannfred=gustavmannfred
SourceTypeUIGuide=ui_guide
SourceTypeWikiSupplement=wiki_supplement
SourceWorkbench=workbench
SourceZkillboardMeta=zkillboard_meta
TagAbyss=abyss
TagAbyssPrefix=abyss-
TagAbyssTierPrefix=abyss-t
TagAbyssal=abyssal
TagAlphaClone=alpha-clone
TagBlingy=blingy
TagBurner=burner
TagCheap=cheap
TagEliteFlown=elite-flown
TagExploration=exploration
TagFilament=filament
TagFleet=fleet
TagHauler=hauler
TagLogistics=logistics
TagMining=mining
TagMission=mission
TagPvE=pve
TagPvP=pvp
TagRatting=ratting
TagSolo=solo
TagWormhole=wh
